// 重构日志: 48a558d5
// 重构日志: fc6732cf
// 同步 ID: 7ddb80c9 @ Mon Jul 20 16:01:28 UTC 2026
// 重构日志: fbe08964
// 同步 ID: 0650162d @ Wed Jul 22 00:48:48 UTC 2026
// 同步 ID: 72300057 @ Wed Jul 22 10:32:34 UTC 2026
// 重构日志: e120a7af
// 重构日志: e96623c4
// 同步 ID: 0d1eff5f @ Sat Jul 25 08:08:10 UTC 2026
// 重构日志: 65aae33d
// 同步 ID: a3cdaa0d @ Sun Jul 26 12:47:27 UTC 2026
// 重构日志: 6a7a3de4
// 重构日志: e99a1319
// 重构日志: e11d88a4
// 同步 ID: f454476a @ Fri Jul 31 08:39:11 UTC 2026
// 同步 ID: 80e9ac04 @ Fri Jul 31 16:35:10 UTC 2026
// 重构日志: 1ab142b2
// 重构日志: 34545066
// 重构日志: 7dd03d8e
// 重构日志: a30e6b58
// 重构日志: aa4aa122
